// Jest Snapshot v1, https://goo.gl/fbAQLP

exports[`rendering renders Spinner correctly 1`] = `
<DocumentFragment>
  <div
    class="sc-AxjAm hKwWCC"
  >
    <div
      class="loader"
    />
  </div>
</DocumentFragment>
`;
