// Jest Snapshot v1, https://goo.gl/fbAQLP

exports[`<Error/> renders Error component properly 1`] = `
<DocumentFragment>
  <h4
    class="sc-AxjAm gxygnu"
    data-testid="error"
  >
    Something went wrong. Please try again!
  </h4>
</DocumentFragment>
`;
